Archive member included to satisfy reference by file (symbol)

C:/ST/STM32CubeIDE_1.14.1/STM32CubeIDE/plugins/com.st.stm32cube.ide.mcu.externaltools.gnu-tools-for-stm32.12.3.rel1.win32_1.0.100.202403111256/tools/bin/../lib/gcc/arm-none-eabi/12.3.1/../../../../arm-none-eabi/lib/thumb/v6-m/nofp\libc_nano.a(libc_a-exit.o)
                              C:/ST/STM32CubeIDE_1.14.1/STM32CubeIDE/plugins/com.st.stm32cube.ide.mcu.externaltools.gnu-tools-for-stm32.12.3.rel1.win32_1.0.100.202403111256/tools/bin/../lib/gcc/arm-none-eabi/12.3.1/../../../../arm-none-eabi/lib/thumb/v6-m/nofp/crt0.o (exit)
C:/ST/STM32CubeIDE_1.14.1/STM32CubeIDE/plugins/com.st.stm32cube.ide.mcu.externaltools.gnu-tools-for-stm32.12.3.rel1.win32_1.0.100.202403111256/tools/bin/../lib/gcc/arm-none-eabi/12.3.1/../../../../arm-none-eabi/lib/thumb/v6-m/nofp\libc_nano.a(libc_a-findfp.o)
                              C:/ST/STM32CubeIDE_1.14.1/STM32CubeIDE/plugins/com.st.stm32cube.ide.mcu.externaltools.gnu-tools-for-stm32.12.3.rel1.win32_1.0.100.202403111256/tools/bin/../lib/gcc/arm-none-eabi/12.3.1/../../../../arm-none-eabi/lib/thumb/v6-m/nofp\libc_nano.a(libc_a-exit.o) (__stdio_exit_handler)
C:/ST/STM32CubeIDE_1.14.1/STM32CubeIDE/plugins/com.st.stm32cube.ide.mcu.externaltools.gnu-tools-for-stm32.12.3.rel1.win32_1.0.100.202403111256/tools/bin/../lib/gcc/arm-none-eabi/12.3.1/../../../../arm-none-eabi/lib/thumb/v6-m/nofp\libc_nano.a(libc_a-fwalk.o)
                              C:/ST/STM32CubeIDE_1.14.1/STM32CubeIDE/plugins/com.st.stm32cube.ide.mcu.externaltools.gnu-tools-for-stm32.12.3.rel1.win32_1.0.100.202403111256/tools/bin/../lib/gcc/arm-none-eabi/12.3.1/../../../../arm-none-eabi/lib/thumb/v6-m/nofp\libc_nano.a(libc_a-findfp.o) (_fwalk_sglue)
C:/ST/STM32CubeIDE_1.14.1/STM32CubeIDE/plugins/com.st.stm32cube.ide.mcu.externaltools.gnu-tools-for-stm32.12.3.rel1.win32_1.0.100.202403111256/tools/bin/../lib/gcc/arm-none-eabi/12.3.1/../../../../arm-none-eabi/lib/thumb/v6-m/nofp\libc_nano.a(libc_a-stdio.o)
                              C:/ST/STM32CubeIDE_1.14.1/STM32CubeIDE/plugins/com.st.stm32cube.ide.mcu.externaltools.gnu-tools-for-stm32.12.3.rel1.win32_1.0.100.202403111256/tools/bin/../lib/gcc/arm-none-eabi/12.3.1/../../../../arm-none-eabi/lib/thumb/v6-m/nofp\libc_nano.a(libc_a-findfp.o) (__sread)
C:/ST/STM32CubeIDE_1.14.1/STM32CubeIDE/plugins/com.st.stm32cube.ide.mcu.externaltools.gnu-tools-for-stm32.12.3.rel1.win32_1.0.100.202403111256/tools/bin/../lib/gcc/arm-none-eabi/12.3.1/../../../../arm-none-eabi/lib/thumb/v6-m/nofp\libc_nano.a(libc_a-memset.o)
                              C:/ST/STM32CubeIDE_1.14.1/STM32CubeIDE/plugins/com.st.stm32cube.ide.mcu.externaltools.gnu-tools-for-stm32.12.3.rel1.win32_1.0.100.202403111256/tools/bin/../lib/gcc/arm-none-eabi/12.3.1/../../../../arm-none-eabi/lib/thumb/v6-m/nofp/crt0.o (memset)
C:/ST/STM32CubeIDE_1.14.1/STM32CubeIDE/plugins/com.st.stm32cube.ide.mcu.externaltools.gnu-tools-for-stm32.12.3.rel1.win32_1.0.100.202403111256/tools/bin/../lib/gcc/arm-none-eabi/12.3.1/../../../../arm-none-eabi/lib/thumb/v6-m/nofp\libc_nano.a(libc_a-closer.o)
                              C:/ST/STM32CubeIDE_1.14.1/STM32CubeIDE/plugins/com.st.stm32cube.ide.mcu.externaltools.gnu-tools-for-stm32.12.3.rel1.win32_1.0.100.202403111256/tools/bin/../lib/gcc/arm-none-eabi/12.3.1/../../../../arm-none-eabi/lib/thumb/v6-m/nofp\libc_nano.a(libc_a-stdio.o) (_close_r)
C:/ST/STM32CubeIDE_1.14.1/STM32CubeIDE/plugins/com.st.stm32cube.ide.mcu.externaltools.gnu-tools-for-stm32.12.3.rel1.win32_1.0.100.202403111256/tools/bin/../lib/gcc/arm-none-eabi/12.3.1/../../../../arm-none-eabi/lib/thumb/v6-m/nofp\libc_nano.a(libc_a-reent.o)
                              C:/ST/STM32CubeIDE_1.14.1/STM32CubeIDE/plugins/com.st.stm32cube.ide.mcu.externaltools.gnu-tools-for-stm32.12.3.rel1.win32_1.0.100.202403111256/tools/bin/../lib/gcc/arm-none-eabi/12.3.1/../../../../arm-none-eabi/lib/thumb/v6-m/nofp\libc_nano.a(libc_a-closer.o) (errno)
C:/ST/STM32CubeIDE_1.14.1/STM32CubeIDE/plugins/com.st.stm32cube.ide.mcu.externaltools.gnu-tools-for-stm32.12.3.rel1.win32_1.0.100.202403111256/tools/bin/../lib/gcc/arm-none-eabi/12.3.1/../../../../arm-none-eabi/lib/thumb/v6-m/nofp\libc_nano.a(libc_a-impure.o)
                              C:/ST/STM32CubeIDE_1.14.1/STM32CubeIDE/plugins/com.st.stm32cube.ide.mcu.externaltools.gnu-tools-for-stm32.12.3.rel1.win32_1.0.100.202403111256/tools/bin/../lib/gcc/arm-none-eabi/12.3.1/../../../../arm-none-eabi/lib/thumb/v6-m/nofp\libc_nano.a(libc_a-reent.o) (_impure_ptr)
C:/ST/STM32CubeIDE_1.14.1/STM32CubeIDE/plugins/com.st.stm32cube.ide.mcu.externaltools.gnu-tools-for-stm32.12.3.rel1.win32_1.0.100.202403111256/tools/bin/../lib/gcc/arm-none-eabi/12.3.1/../../../../arm-none-eabi/lib/thumb/v6-m/nofp\libc_nano.a(libc_a-lseekr.o)
[...]
Memory Configuration

Name             Origin             Length             Attributes
RAM              0x20000000         0x00009000         xrw
FLASH            0x08000000         0x00020000         xr
*default*        0x00000000         0xffffffff

Linker script and memory map

LOAD C:/ST/STM32CubeIDE_1.14.1/STM32CubeIDE/plugins/com.st.stm32cube.ide.mcu.externaltools.gnu-tools-for-stm32.12.3.rel1.win32_1.0.100.202403111256/tools/bin/../lib/gcc/arm-none-eabi/12.3.1/thumb/v6-m/nofp/crti.o
LOAD C:/ST/STM32CubeIDE_1.14.1/STM32CubeIDE/plugins/com.st.stm32cube.ide.mcu.externaltools.gnu-tools-for-stm32.12.3.rel1.win32_1.0.100.202403111256/tools/bin/../lib/gcc/arm-none-eabi/12.3.1/thumb/v6-m/nofp/crtbegin.o
LOAD C:/ST/STM32CubeIDE_1.14.1/STM32CubeIDE/plugins/com.st.stm32cube.ide.mcu.externaltools.gnu-tools-for-stm32.12.3.rel1.win32_1.0.100.202403111256/tools/bin/../lib/gcc/arm-none-eabi/12.3.1/../../../../arm-none-eabi/lib/thumb/v6-m/nofp/crt0.o
LOAD ./Core/Src/ST7920LCD.o
LOAD ./Core/Src/delay.o
LOAD ./Core/Src/main.o
LOAD ./Core/Src/stm32g0xx_hal_msp.o
LOAD ./Core/Src/stm32g0xx_it.o
LOAD ./Core/Src/syscalls.o
LOAD ./Core/Src/sysmem.o
LOAD ./Core/Src/system_stm32g0xx.o
LOAD ./Core/Startup/startup_stm32g071rbtx.o
LOAD ./Drivers/STM32G0xx_HAL_Driver/Src/stm32g0xx_hal.o
LOAD ./Drivers/STM32G0xx_HAL_Driver/Src/stm32g0xx_hal_cortex.o
LOAD ./Drivers/STM32G0xx_HAL_Driver/Src/stm32g0xx_hal_dma.o
LOAD ./Drivers/STM32G0xx_HAL_Driver/Src/stm32g0xx_hal_dma_ex.o
LOAD ./Drivers/STM32G0xx_HAL_Driver/Src/stm32g0xx_hal_exti.o
LOAD ./Drivers/STM32G0xx_HAL_Driver/Src/stm32g0xx_hal_flash.o
LOAD ./Drivers/STM32G0xx_HAL_Driver/Src/stm32g0xx_hal_flash_ex.o
LOAD ./Drivers/STM32G0xx_HAL_Driver/Src/stm32g0xx_hal_gpio.o
LOAD ./Drivers/STM32G0xx_HAL_Driver/Src/stm32g0xx_hal_pwr.o
LOAD ./Drivers/STM32G0xx_HAL_Driver/Src/stm32g0xx_hal_pwr_ex.o
LOAD ./Drivers/STM32G0xx_HAL_Driver/Src/stm32g0xx_hal_rcc.o
LOAD ./Drivers/STM32G0xx_HAL_Driver/Src/stm32g0xx_hal_rcc_ex.o
LOAD ./Drivers/STM32G0xx_HAL_Driver/Src/stm32g0xx_hal_tim.o
LOAD ./Drivers/STM32G0xx_HAL_Driver/Src/stm32g0xx_hal_tim_ex.o
LOAD ./Drivers/STM32G0xx_HAL_Driver/Src/stm32g0xx_hal_uart.o
LOAD ./Drivers/STM32G0xx_HAL_Driver/Src/stm32g0xx_hal_uart_ex.o
LOAD ./Drivers/STM32G0xx_HAL_Driver/Src/stm32g0xx_ll_dma.o
LOAD ./Drivers/STM32G0xx_HAL_Driver/Src/stm32g0xx_ll_rcc.o
START GROUP
LOAD C:/ST/STM32CubeIDE_1.14.1/STM32CubeIDE/plugins/com.st.stm32cube.ide.mcu.externaltools.gnu-tools-for-stm32.12.3.rel1.win32_1.0.100.202403111256/tools/bin/../lib/gcc/arm-none-eabi/12.3.1/../../../../arm-none-eabi/lib/thumb/v6-m/nofp\libc_nano.a
LOAD C:/ST/STM32CubeIDE_1.14.1/STM32CubeIDE/plugins/com.st.stm32cube.ide.mcu.externaltools.gnu-tools-for-stm32.12.3.rel1.win32_1.0.100.202403111256/tools/bin/../lib/gcc/arm-none-eabi/12.3.1/../../../../arm-none-eabi/lib/thumb/v6-m/nofp\libm.a
END GROUP
START GROUP
LOAD C:/ST/STM32CubeIDE_1.14.1/STM32CubeIDE/plugins/com.st.stm32cube.ide.mcu.externaltools.gnu-tools-for-stm32.12.3.rel1.win32_1.0.100.202403111256/tools/bin/../lib/gcc/arm-none-eabi/12.3.1/thumb/v6-m/nofp\libgcc.a
LOAD C:/ST/STM32CubeIDE_1.14.1/STM32CubeIDE/plugins/com.st.stm32cube.ide.mcu.externaltools.gnu-tools-for-stm32.12.3.rel1.win32_1.0.100.202403111256/tools/bin/../lib/gcc/arm-none-eabi/12.3.1/../../../../arm-none-eabi/lib/thumb/v6-m/nofp\libc_nano.a
END GROUP
START GROUP
LOAD C:/ST/STM32CubeIDE_1.14.1/STM32CubeIDE/plugins/com.st.stm32cube.ide.mcu.externaltools.gnu-tools-for-stm32.12.3.rel1.win32_1.0.100.202403111256/tools/bin/../lib/gcc/arm-none-eabi/12.3.1/thumb/v6-m/nofp\libgcc.a
LOAD C:/ST/STM32CubeIDE_1.14.1/STM32CubeIDE/plugins/com.st.stm32cube.ide.mcu.externaltools.gnu-tools-for-stm32.12.3.rel1.win32_1.0.100.202403111256/tools/bin/../lib/gcc/arm-none-eabi/12.3.1/../../../../arm-none-eabi/lib/thumb/v6-m/nofp\libc_nano.a
LOAD C:/ST/STM32CubeIDE_1.14.1/STM32CubeIDE/plugins/com.st.stm32cube.ide.mcu.externaltools.gnu-tools-for-stm32.12.3.rel1.win32_1.0.100.202403111256/tools/bin/../lib/gcc/arm-none-eabi/12.3.1/../../../../arm-none-eabi/lib/thumb/v6-m/nofp\libnosys.a
END GROUP
START GROUP
LOAD C:/ST/STM32CubeIDE_1.14.1/STM32CubeIDE/plugins/com.st.stm32cube.ide.mcu.externaltools.gnu-tools-for-stm32.12.3.rel1.win32_1.0.100.202403111256/tools/bin/../lib/gcc/arm-none-eabi/12.3.1/thumb/v6-m/nofp\libgcc.a
LOAD C:/ST/STM32CubeIDE_1.14.1/STM32CubeIDE/plugins/com.st.stm32cube.ide.mcu.externaltools.gnu-tools-for-stm32.12.3.rel1.win32_1.0.100.202403111256/tools/bin/../lib/gcc/arm-none-eabi/12.3.1/../../../../arm-none-eabi/lib/thumb/v6-m/nofp\libc_nano.a
LOAD C:/ST/STM32CubeIDE_1.14.1/STM32CubeIDE/plugins/com.st.stm32cube.ide.mcu.externaltools.gnu-tools-for-stm32.12.3.rel1.win32_1.0.100.202403111256/tools/bin/../lib/gcc/arm-none-eabi/12.3.1/../../../../arm-none-eabi/lib/thumb/v6-m/nofp\libnosys.a
END GROUP
LOAD C:/ST/STM32CubeIDE_1.14.1/STM32CubeIDE/plugins/com.st.stm32cube.ide.mcu.externaltools.gnu-tools-for-stm32.12.3.rel1.win32_1.0.100.202403111256/tools/bin/../lib/gcc/arm-none-eabi/12.3.1/thumb/v6-m/nofp/crtend.o
LOAD C:/ST/STM32CubeIDE_1.14.1/STM32CubeIDE/plugins/com.st.stm32cube.ide.mcu.externaltools.gnu-tools-for-stm32.12.3.rel1.win32_1.0.100.202403111256/tools/bin/../lib/gcc/arm-none-eabi/12.3.1/thumb/v6-m/nofp/crtn.o
                0x20009000                        _estack = (ORIGIN (RAM) + LENGTH (RAM))
                0x00000200                        _Min_Heap_Size = 0x200
                0x00000400                        _Min_Stack_Size = 0x400

.isr_vector     0x08000000       0xbc
                0x08000000                        . = ALIGN (0x4)
 *(.isr_vector)
 .isr_vector    0x08000000       0xbc ./Core/Startup/startup_stm32g071rbtx.o
                0x08000000                g_pfnVectors
                0x080000bc                        . = ALIGN (0x4)

.text           0x080000bc     0x35dc
                0x080000bc                        . = ALIGN (0x4)
 *(.text)
 .text          0x080000bc       0x48 C:/ST/STM32CubeIDE_1.14.1/STM32CubeIDE/plugins/com.st.stm32cube.ide.mcu.externaltools.gnu-tools-for-stm32.12.3.rel1.win32_1.0.100.202403111256/tools/bin/../lib/gcc/arm-none-eabi/12.3.1/thumb/v6-m/nofp/crtbegin.o
 .text          0x08000104      0x114 C:/ST/STM32CubeIDE_1.14.1/STM32CubeIDE/plugins/com.st.stm32cube.ide.mcu.externaltools.gnu-tools-for-stm32.12.3.rel1.win32_1.0.100.202403111256/tools/bin/../lib/gcc/arm-none-eabi/12.3.1/thumb/v6-m/nofp\libgcc.a(_udivsi3.o)
                0x08000104                __aeabi_uidiv
                0x08000104                __udivsi3
                0x08000210                __aeabi_uidivmod
 .text          0x08000218      0x1d4 C:/ST/STM32CubeIDE_1.14.1/STM32CubeIDE/plugins/com.st.stm32cube.ide.mcu.externaltools.gnu-tools-for-stm32.12.3.rel1.win32_1.0.100.202403111256/tools/bin/../lib/gcc/arm-none-eabi/12.3.1/thumb/v6-m/nofp\libgcc.a(_divsi3.o)
                0x08000218                __divsi3
                0x08000218                __aeabi_idiv
                0x080003e4                __aeabi_idivmod
 .text          0x080003ec        0x4 C:/ST/STM32CubeIDE_1.14.1/STM32CubeIDE/plugins/com.st.stm32cube.ide.mcu.externaltools.gnu-tools-for-stm32.12.3.rel1.win32_1.0.100.202403111256/tools/bin/../lib/gcc/arm-none-eabi/12.3.1/thumb/v6-m/nofp\libgcc.a(_dvmd_tls.o)
                0x080003ec                __aeabi_idiv0
                0x080003ec                __aeabi_ldiv0
 .text          0x080003f0       0x40 C:/ST/STM32CubeIDE_1.14.1/STM32CubeIDE/plugins/com.st.stm32cube.ide.mcu.externaltools.gnu-tools-for-stm32.12.3.rel1.win32_1.0.100.202403111256/tools/bin/../lib/gcc/arm-none-eabi/12.3.1/thumb/v6-m/nofp\libgcc.a(_aeabi_uldivmod.o)
                0x080003f0                __aeabi_uldivmod
 .text          0x08000430      0x198 C:/ST/STM32CubeIDE_1.14.1/STM32CubeIDE/plugins/com.st.stm32cube.ide.mcu.externaltools.gnu-tools-for-stm32.12.3.rel1.win32_1.0.100.202403111256/tools/bin/../lib/gcc/arm-none-eabi/12.3.1/thumb/v6-m/nofp\libgcc.a(_udivmoddi4.o)
                0x08000430                __udivmoddi4
 .text          0x080005c8       0x18 C:/ST/STM32CubeIDE_1.14.1/STM32CubeIDE/plugins/com.st.stm32cube.ide.mcu.externaltools.gnu-tools-for-stm32.12.3.rel1.win32_1.0.100.202403111256/tools/bin/../lib/gcc/arm-none-eabi/12.3.1/thumb/v6-m/nofp\libgcc.a(_clzdi2.o)
                0x080005c8                __clzdi2
 .text          0x080005e0       0x3c C:/ST/STM32CubeIDE_1.14.1/STM32CubeIDE/plugins/com.st.stm32cube.ide.mcu.externaltools.gnu-tools-for-stm32.12.3.rel1.win32_1.0.100.202403111256/tools/bin/../lib/gcc/arm-none-eabi/12.3.1/thumb/v6-m/nofp\libgcc.a(_clzsi2.o)
                0x080005e0                __clzsi2
 *(.text*)
 .text.SendByteSPI
                0x0800061c       0x72 ./Core/Src/ST7920LCD.o
                0x0800061c                SendByteSPI
 .text.ST7920_SendCmd
                0x0800068e       0x5a ./Core/Src/ST7920LCD.o
                0x0800068e                ST7920_SendCmd
 .text.ST7920_SendData
                0x080006e8       0x5a ./Core/Src/ST7920LCD.o
                0x080006e8                ST7920_SendData
 *fill*         0x08000742        0x2 
 .text.ST7920_GraphicMode
                0x08000744       0x60 ./Core/Src/ST7920LCD.o
                0x08000744                ST7920_GraphicMode
 .text.ST7920_DrawBitmap
                0x080007a4      0x148 ./Core/Src/ST7920LCD.o
                0x080007a4                ST7920_DrawBitmap
 .text.ST7920_Init
                0x080008ec       0x88 ./Core/Src/ST7920LCD.o
                0x080008ec                ST7920_Init
 .text.delay_init
                0x08000974       0x18 ./Core/Src/delay.o
                0x08000974                delay_init
 .text.delay_us
                0x0800098c       0x34 ./Core/Src/delay.o
                0x0800098c                delay_us
 .text.main     0x080009c0       0x2c ./Core/Src/main.o
                0x080009c0                main
 .text.SystemClock_Config
                0x080009ec       0x90 ./Core/Src/main.o
                0x080009ec                SystemClock_Config
 .text.MX_TIM1_Init
                0x08000a7c       0xb8 ./Core/Src/main.o
 .text.MX_USART2_UART_Init
                0x08000b34       0x9c ./Core/Src/main.o
 .text.MX_GPIO_Init
                0x08000bd0      0x114 ./Core/Src/main.o
 .text.DrawLeftBitmapsInLoop
                0x08000ce4       0x5c ./Core/Src/main.o
                0x08000ce4                DrawLeftBitmapsInLoop
 .text.DrawRightAnimationsInLoop
                0x08000d40       0x5c ./Core/Src/main.o
                0x08000d40                DrawRightAnimationsInLoop
 .text.Error_Handler
                0x08000d9c        0xc ./Core/Src/main.o
                0x08000d9c                Error_Handler
 .text.HAL_MspInit
                0x08000da8       0x50 ./Core/Src/stm32g0xx_hal_msp.o
                0x08000da8                HAL_MspInit
 .text.HAL_TIM_Base_MspInit
                0x08000df8       0x6c ./Core/Src/stm32g0xx_hal_msp.o
                0x08000df8                HAL_TIM_Base_MspInit
 .text.HAL_UART_MspInit
                0x08000e64       0xc0 ./Core/Src/stm32g0xx_hal_msp.o
                0x08000e64                HAL_UART_MspInit
 .text.NMI_Handler
                0x08000f24        0x8 ./Core/Src/stm32g0xx_it.o
                0x08000f24                NMI_Handler
 .text.HardFault_Handler
                0x08000f2c        0x8 ./Core/Src/stm32g0xx_it.o
                0x08000f2c                HardFault_Handler
 .text.SVC_Handler
                0x08000f34        0xa ./Core/Src/stm32g0xx_it.o
                0x08000f34                SVC_Handler
 .text.PendSV_Handler
                0x08000f3e        0xa ./Core/Src/stm32g0xx_it.o
                0x08000f3e                PendSV_Handler
 .text.SysTick_Handler
                0x08000f48        0xe ./Core/Src/stm32g0xx_it.o
                0x08000f48                SysTick_Handler
 .text.SystemInit
                0x08000f56        0xa ./Core/Src/system_stm32g0xx.o
                0x08000f56                SystemInit
 .text.Reset_Handler
                0x08000f60       0x50 ./Core/Startup/startup_stm32g071rbtx.o
                0x08000f60                Reset_Handler
 .text.Default_Handler
                0x08000fb0        0x2 ./Core/Startup/startup_stm32g071rbtx.o
                0x08000fb0                USART3_4_LPUART1_IRQHandler
                0x08000fb0                TIM1_CC_IRQHandler
                0x08000fb0                ADC1_COMP_IRQHandler
                0x08000fb0                PVD_IRQHandler
                0x08000fb0                I2C1_IRQHandler
                0x08000fb0                TIM7_LPTIM2_IRQHandler
                0x08000fb0                RTC_TAMP_IRQHandler
                0x08000fb0                SPI1_IRQHandler
                0x08000fb0                EXTI2_3_IRQHandler
                0x08000fb0                I2C2_IRQHandler
                0x08000fb0                TIM17_IRQHandler
                0x08000fb0                TIM16_IRQHandler
                0x08000fb0                TIM3_IRQHandler
                0x08000fb0                EXTI4_15_IRQHandler
                0x08000fb0                RCC_IRQHandler
                0x08000fb0                DMA1_Channel1_IRQHandler
                0x08000fb0                Default_Handler
                0x08000fb0                CEC_IRQHandler
                0x08000fb0                TIM14_IRQHandler
                0x08000fb0                TIM15_IRQHandler
                0x08000fb0                EXTI0_1_IRQHandler
                0x08000fb0                SPI2_IRQHandler
                0x08000fb0                TIM6_DAC_LPTIM1_IRQHandler
                0x08000fb0                WWDG_IRQHandler
                0x08000fb0                TIM2_IRQHandler
                0x08000fb0                DMA1_Ch4_7_DMAMUX1_OVR_IRQHandler
                0x08000fb0                DMA1_Channel2_3_IRQHandler
                0x08000fb0                UCPD1_2_IRQHandler
                0x08000fb0                USART2_IRQHandler
                0x08000fb0                FLASH_IRQHandler
                0x08000fb0                USART1_IRQHandler
                0x08000fb0                TIM1_BRK_UP_TRG_COM_IRQHandler
 *fill*         0x08000fb2        0x2 
 .text.HAL_Init
                0x08000fb4       0x40 ./Drivers/STM32G0xx_HAL_Driver/Src/stm32g0xx_hal.o
                0x08000fb4                HAL_Init
 .text.HAL_InitTick
                0x08000ff4       0x94 ./Drivers/STM32G0xx_HAL_Driver/Src/stm32g0xx_hal.o
                0x08000ff4                HAL_InitTick
 .text.HAL_IncTick
                0x08001088       0x24 ./Drivers/STM32G0xx_HAL_Driver/Src/stm32g0xx_hal.o
                0x08001088                HAL_IncTick
 .text.HAL_GetTick
                0x080010ac       0x14 ./Drivers/STM32G0xx_HAL_Driver/Src/stm32g0xx_hal.o
                0x080010ac                HAL_GetTick
 .text.HAL_Delay
                0x080010c0       0x48 ./Drivers/STM32G0xx_HAL_Driver/Src/stm32g0xx_hal.o
                0x080010c0                HAL_Delay
 .text.HAL_SYSCFG_StrobeDBattpinsConfig
                0x08001108       0x2c ./Drivers/STM32G0xx_HAL_Driver/Src/stm32g0xx_hal.o
                0x08001108                HAL_SYSCFG_StrobeDBattpinsConfig
 .text.__NVIC_SetPriority
                0x08001134       0xdc ./Drivers/STM32G0xx_HAL_Driver/Src/stm32g0xx_hal_cortex.o
 .text.SysTick_Config
                0x08001210       0x48 ./Drivers/STM32G0xx_HAL_Driver/Src/stm32g0xx_hal_cortex.o
 .text.HAL_NVIC_SetPriority
                0x08001258       0x2a ./Drivers/STM32G0xx_HAL_Driver/Src/stm32g0xx_hal_cortex.o
                0x08001258                HAL_NVIC_SetPriority
 .text.HAL_SYSTICK_Config
                0x08001282       0x1a ./Drivers/STM32G0xx_HAL_Driver/Src/stm32g0xx_hal_cortex.o
                0x08001282                HAL_SYSTICK_Config
 .text.HAL_GPIO_Init
                0x0800129c      0x2c8 ./Drivers/STM32G0xx_HAL_Driver/Src/stm32g0xx_hal_gpio.o
                0x0800129c                HAL_GPIO_Init
 .text.HAL_GPIO_WritePin
                0x08001564       0x3a ./Drivers/STM32G0xx_HAL_Driver/Src/stm32g0xx_hal_gpio.o
                0x08001564                HAL_GPIO_WritePin
 *fill*         0x0800159e        0x2 
 .text.HAL_PWREx_ControlVoltageScaling
                0x080015a0       0x80 ./Drivers/STM32G0xx_HAL_Driver/Src/stm32g0xx_hal_pwr_ex.o
                0x080015a0                HAL_PWREx_ControlVoltageScaling
 .text.LL_RCC_GetAPB1Prescaler
                0x08001620       0x18 ./Drivers/STM32G0xx_HAL_Driver/Src/stm32g0xx_hal_rcc.o
 .text.HAL_RCC_OscConfig
                0x08001638      0x634 ./Drivers/STM32G0xx_HAL_Driver/Src/stm32g0xx_hal_rcc.o
                0x08001638                HAL_RCC_OscConfig
 .text.HAL_RCC_ClockConfig
                0x08001c6c      0x210 ./Drivers/STM32G0xx_HAL_Driver/Src/stm32g0xx_hal_rcc.o
                0x08001c6c                HAL_RCC_ClockConfig
 .text.HAL_RCC_GetSysClockFreq
                0x08001e7c      0x104 ./Drivers/STM32G0xx_HAL_Driver/Src/stm32g0xx_hal_rcc.o
                0x08001e7c                HAL_RCC_GetSysClockFreq
 .text.HAL_RCC_GetHCLKFreq
                0x08001f80       0x14 ./Drivers/STM32G0xx_HAL_Driver/Src/stm32g0xx_hal_rcc.o
                0x08001f80                HAL_RCC_GetHCLKFreq
 .text.HAL_RCC_GetPCLK1Freq
                0x08001f94       0x2c ./Drivers/STM32G0xx_HAL_Driver/Src/stm32g0xx_hal_rcc.o
                0x08001f94                HAL_RCC_GetPCLK1Freq
 .text.HAL_RCCEx_PeriphCLKConfig
                0x08001fc0      0x370 ./Drivers/STM32G0xx_HAL_Driver/Src/stm32g0xx_hal_rcc_ex.o
                0x08001fc0                HAL_RCCEx_PeriphCLKConfig
 .text.HAL_TIM_Base_Init
                0x08002330       0xb0 ./Drivers/STM32G0xx_HAL_Driver/Src/stm32g0xx_hal_tim.o
                0x08002330                HAL_TIM_Base_Init
 .text.HAL_TIM_Base_Start
                0x080023e0       0xa8 ./Drivers/STM32G0xx_HAL_Driver/Src/stm32g0xx_hal_tim.o
                0x080023e0                HAL_TIM_Base_Start
 .text.HAL_TIM_ConfigClockSource
                0x08002488      0x1ac ./Drivers/STM32G0xx_HAL_Driver/Src/stm32g0xx_hal_tim.o
                0x08002488                HAL_TIM_ConfigClockSource
 .text.TIM_Base_SetConfig
                0x08002634      0x11c ./Drivers/STM32G0xx_HAL_Driver/Src/stm32g0xx_hal_tim.o
                0x08002634                TIM_Base_SetConfig
 .text.TIM_TI1_ConfigInputStage
                0x08002750       0x5c ./Drivers/STM32G0xx_HAL_Driver/Src/stm32g0xx_hal_tim.o
 .text.TIM_TI2_ConfigInputStage
                0x080027ac       0x64 ./Drivers/STM32G0xx_HAL_Driver/Src/stm32g0xx_hal_tim.o
 .text.TIM_ITRx_SetConfig
                0x08002810       0x38 ./Drivers/STM32G0xx_HAL_Driver/Src/stm32g0xx_hal_tim.o
 .text.TIM_ETR_SetConfig
                0x08002848       0x40 ./Drivers/STM32G0xx_HAL_Driver/Src/stm32g0xx_hal_tim.o
                0x08002848                TIM_ETR_SetConfig
 .text.HAL_TIMEx_MasterConfigSynchronization
                0x08002888       0xdc ./Drivers/STM32G0xx_HAL_Driver/Src/stm32g0xx_hal_tim_ex.o
                0x08002888                HAL_TIMEx_MasterConfigSynchronization
 .text.HAL_UART_Init
                0x08002964       0xac ./Drivers/STM32G0xx_HAL_Driver/Src/stm32g0xx_hal_uart.o
                0x08002964                HAL_UART_Init
 .text.UART_SetConfig
                0x08002a10      0x57c ./Drivers/STM32G0xx_HAL_Driver/Src/stm32g0xx_hal_uart.o
                0x08002a10                UART_SetConfig
 .text.UART_AdvFeatureConfig
                0x08002f8c      0x168 ./Drivers/STM32G0xx_HAL_Driver/Src/stm32g0xx_hal_uart.o
                0x08002f8c                UART_AdvFeatureConfig
 .text.UART_CheckIdleState
                0x080030f4      0x154 ./Drivers/STM32G0xx_HAL_Driver/Src/stm32g0xx_hal_uart.o
                0x080030f4                UART_CheckIdleState
 .text.UART_WaitOnFlagUntilTimeout
                0x08003248       0xde ./Drivers/STM32G0xx_HAL_Driver/Src/stm32g0xx_hal_uart.o
                0x08003248                UART_WaitOnFlagUntilTimeout
 *fill*         0x08003326        0x2 
 .text.UART_EndRxTransfer
                0x08003328       0xcc ./Drivers/STM32G0xx_HAL_Driver/Src/stm32g0xx_hal_uart.o
 .text.HAL_UARTEx_DisableFifoMode
                0x080033f4       0x74 ./Drivers/STM32G0xx_HAL_Driver/Src/stm32g0xx_hal_uart_ex.o
                0x080033f4                HAL_UARTEx_DisableFifoMode
 .text.HAL_UARTEx_SetTxFifoThreshold
                0x08003468       0x7e ./Drivers/STM32G0xx_HAL_Driver/Src/stm32g0xx_hal_uart_ex.o
                0x08003468                HAL_UARTEx_SetTxFifoThreshold
 *fill*         0x080034e6        0x2 
 .text.HAL_UARTEx_SetRxFifoThreshold
                0x080034e8       0x84 ./Drivers/STM32G0xx_HAL_Driver/Src/stm32g0xx_hal_uart_ex.o
                0x080034e8                HAL_UARTEx_SetRxFifoThreshold
 .text.UARTEx_SetNbDataToProcess
                0x0800356c       0xbc ./Drivers/STM32G0xx_HAL_Driver/Src/stm32g0xx_hal_uart_ex.o
 .text.memset   0x08003628       0x10 C:/ST/STM32CubeIDE_1.14.1/STM32CubeIDE/plugins/com.st.stm32cube.ide.mcu.externaltools.gnu-tools-for-stm32.12.3.rel1.win32_1.0.100.202403111256/tools/bin/../lib/gcc/arm-none-eabi/12.3.1/../../../../arm-none-eabi/lib/thumb/v6-m/nofp\libc_nano.a(libc_a-memset.o)
                0x08003628                memset
 .text.__libc_init_array
                0x08003638       0x48 C:/ST/STM32CubeIDE_1.14.1/STM32CubeIDE/plugins/com.st.stm32cube.ide.mcu.externaltools.gnu-tools-for-stm32.12.3.rel1.win32_1.0.100.202403111256/tools/bin/../lib/gcc/arm-none-eabi/12.3.1/../../../../arm-none-eabi/lib/thumb/v6-m/nofp\libc_nano.a(libc_a-init.o)
                0x08003638                __libc_init_array
 *(.glue_7)
 .glue_7        0x08003680        0x0 linker stubs
 *(.glue_7t)
 .glue_7t       0x08003680        0x0 linker stubs
 *(.eh_frame)
 .eh_frame      0x08003680        0x0 C:/ST/STM32CubeIDE_1.14.1/STM32CubeIDE/plugins/com.st.stm32cube.ide.mcu.externaltools.gnu-tools-for-stm32.12.3.rel1.win32_1.0.100.202403111256/tools/bin/../lib/gcc/arm-none-eabi/12.3.1/thumb/v6-m/nofp/crtbegin.o
 *(.init)
 .init          0x08003680        0x4 C:/ST/STM32CubeIDE_1.14.1/STM32CubeIDE/plugins/com.st.stm32cube.ide.mcu.externaltools.gnu-tools-for-stm32.12.3.rel1.win32_1.0.100.202403111256/tools/bin/../lib/gcc/arm-none-eabi/12.3.1/thumb/v6-m/nofp/crti.o
                0x08003680                _init
 .init          0x08003684        0x8 C:/ST/STM32CubeIDE_1.14.1/STM32CubeIDE/plugins/com.st.stm32cube.ide.mcu.externaltools.gnu-tools-for-stm32.12.3.rel1.win32_1.0.100.202403111256/tools/bin/../lib/gcc/arm-none-eabi/12.3.1/thumb/v6-m/nofp/crtn.o
 *(.fini)
 .fini          0x0800368c        0x4 C:/ST/STM32CubeIDE_1.14.1/STM32CubeIDE/plugins/com.st.stm32cube.ide.mcu.externaltools.gnu-tools-for-stm32.12.3.rel1.win32_1.0.100.202403111256/tools/bin/../lib/gcc/arm-none-eabi/12.3.1/thumb/v6-m/nofp/crti.o
                0x0800368c                _fini
 .fini          0x08003690        0x8 C:/ST/STM32CubeIDE_1.14.1/STM32CubeIDE/plugins/com.st.stm32cube.ide.mcu.externaltools.gnu-tools-for-stm32.12.3.rel1.win32_1.0.100.202403111256/tools/bin/../lib/gcc/arm-none-eabi/12.3.1/thumb/v6-m/nofp/crtn.o
                0x08003698                        . = ALIGN (0x4)
                0x08003698                        _etext = .

.vfp11_veneer   0x08003698        0x0
 .vfp11_veneer  0x08003698        0x0 linker stubs

.v4_bx          0x08003698        0x0
 .v4_bx         0x08003698        0x0 linker stubs

.iplt           0x08003698        0x0
 .iplt          0x08003698        0x0 C:/ST/STM32CubeIDE_1.14.1/STM32CubeIDE/plugins/com.st.stm32cube.ide.mcu.externaltools.gnu-tools-for-stm32.12.3.rel1.win32_1.0.100.202403111256/tools/bin/../lib/gcc/arm-none-eabi/12.3.1/thumb/v6-m/nofp/crtbegin.o

.rodata         0x08003698    0x11888
                0x08003698                        . = ALIGN (0x4)
 *(.rodata)
 *(.rodata*)
 .rodata.Front1degLeft
                0x08003698      0x400 ./Core/Src/main.o
                0x08003698                Front1degLeft
 .rodata.Front2degLeft
                0x08003a98      0x400 ./Core/Src/main.o
                0x08003a98                Front2degLeft
 .rodata.Front3degLeft
                0x08003e98      0x400 ./Core/Src/main.o
                0x08003e98                Front3degLeft
 .rodata.Front4degLeft
                0x08004298      0x400 ./Core/Src/main.o
                0x08004298                Front4degLeft
 .rodata.Front5degLeft
                0x08004698      0x400 ./Core/Src/main.o
                0x08004698                Front5degLeft
 .rodata.Front6degLeft
                0x08004a98      0x400 ./Core/Src/main.o
                0x08004a98                Front6degLeft
 .rodata.Front7degLeft
                0x08004e98      0x400 ./Core/Src/main.o
                0x08004e98                Front7degLeft
 .rodata.Front8degLeft
                0x08005298      0x400 ./Core/Src/main.o
                0x08005298                Front8degLeft
 .rodata.Front9degLeft
                0x08005698      0x400 ./Core/Src/main.o
                0x08005698                Front9degLeft
 .rodata.Front10degLeft
                0x08005a98      0x400 ./Core/Src/main.o
                0x08005a98                Front10degLeft
 .rodata.Front11degLeft
                0x08005e98      0x400 ./Core/Src/main.o
                0x08005e98                Front11degLeft
 .rodata.Front12degLeft
                0x08006298      0x400 ./Core/Src/main.o
                0x08006298                Front12degLeft
 .rodata.Front13degLeft
                0x08006698      0x400 ./Core/Src/main.o
                0x08006698                Front13degLeft
 .rodata.Front14degLeft
                0x08006a98      0x400 ./Core/Src/main.o
                0x08006a98                Front14degLeft
 .rodata.Front15degLeft
                0x08006e98      0x400 ./Core/Src/main.o
                0x08006e98                Front15degLeft
 .rodata.Front16degLeft
                0x08007298      0x400 ./Core/Src/main.o
                0x08007298                Front16degLeft
 .rodata.Front17degLeft
                0x08007698      0x400 ./Core/Src/main.o
                0x08007698                Front17degLeft
 .rodata.Front18degLeft
                0x08007a98      0x400 ./Core/Src/main.o
                0x08007a98                Front18degLeft
 .rodata.Front19degLeft
                0x08007e98      0x400 ./Core/Src/main.o
                0x08007e98                Front19degLeft
 .rodata.Front20degLeft
                0x08008298      0x400 ./Core/Src/main.o
                0x08008298                Front20degLeft
 .rodata.Front21degLeft
                0x08008698      0x400 ./Core/Src/main.o
                0x08008698                Front21degLeft
 .rodata.Front22degLeft
                0x08008a98      0x400 ./Core/Src/main.o
                0x08008a98                Front22degLeft
 .rodata.Front23degLeft
                0x08008e98      0x400 ./Core/Src/main.o
                0x08008e98                Front23degLeft
 .rodata.Front24degLeft
                0x08009298      0x400 ./Core/Src/main.o
                0x08009298                Front24degLeft
 .rodata.Front25degLeft
                0x08009698      0x400 ./Core/Src/main.o
                0x08009698                Front25degLeft
 .rodata.Front26degLeft
                0x08009a98      0x400 ./Core/Src/main.o
                0x08009a98                Front26degLeft
 .rodata.Front27degLeft
                0x08009e98      0x400 ./Core/Src/main.o
                0x08009e98                Front27degLeft
 .rodata.Front28degLeft
                0x0800a298      0x400 ./Core/Src/main.o
                0x0800a298                Front28degLeft
 .rodata.Front29degLeft
                0x0800a698      0x400 ./Core/Src/main.o
                0x0800a698                Front29degLeft
 .rodata.Front30degLeft
                0x0800aa98      0x400 ./Core/Src/main.o
                0x0800aa98                Front30degLeft
 .rodata.Front31degLeft
                0x0800ae98      0x400 ./Core/Src/main.o
                0x0800ae98                Front31degLeft
 .rodata.Front32degLeft
                0x0800b298      0x400 ./Core/Src/main.o
                0x0800b298                Front32degLeft
 .rodata.Front33degLeft
                0x0800b698      0x400 ./Core/Src/main.o
                0x0800b698                Front33degLeft
 .rodata.Front34degLeft
                0x0800ba98      0x400 ./Core/Src/main.o
                0x0800ba98                Front34degLeft
 .rodata.Front35degLeft
                0x0800be98      0x400 ./Core/Src/main.o
                0x0800be98                Front35degLeft
 .rodata.frontRight1
                0x0800c298      0x400 ./Core/Src/main.o
                0x0800c298                frontRight1
 .rodata.frontRight2
                0x0800c698      0x400 ./Core/Src/main.o
                0x0800c698                frontRight2
 .rodata.frontRight3
                0x0800ca98      0x400 ./Core/Src/main.o
                0x0800ca98                frontRight3
 .rodata.frontRight4
                0x0800ce98      0x400 ./Core/Src/main.o
                0x0800ce98                frontRight4
 .rodata.frontRight5
                0x0800d298      0x400 ./Core/Src/main.o
                0x0800d298                frontRight5
 .rodata.frontRight6
                0x0800d698      0x400 ./Core/Src/main.o
                0x0800d698                frontRight6
 .rodata.frontRight7
                0x0800da98      0x400 ./Core/Src/main.o
                0x0800da98                frontRight7
 .rodata.frontRight8
                0x0800de98      0x400 ./Core/Src/main.o
                0x0800de98                frontRight8
 .rodata.frontRight9
                0x0800e298      0x400 ./Core/Src/main.o
                0x0800e298                frontRight9
 .rodata.frontRight10
                0x0800e698      0x400 ./Core/Src/main.o
                0x0800e698                frontRight10
 .rodata.frontRight11
                0x0800ea98      0x400 ./Core/Src/main.o
                0x0800ea98                frontRight11
 .rodata.frontRight12
                0x0800ee98      0x400 ./Core/Src/main.o
                0x0800ee98                frontRight12
 .rodata.frontRight13
                0x0800f298      0x400 ./Core/Src/main.o
                0x0800f298                frontRight13
 .rodata.frontRight14
                0x0800f698      0x400 ./Core/Src/main.o
                0x0800f698                frontRight14
 .rodata.frontRight15
                0x0800fa98      0x400 ./Core/Src/main.o
                0x0800fa98                frontRight15
 .rodata.frontRight16
                0x0800fe98      0x400 ./Core/Src/main.o
                0x0800fe98                frontRight16
 .rodata.frontRight17
                0x08010298      0x400 ./Core/Src/main.o
                0x08010298                frontRight17
 .rodata.frontRight18
                0x08010698      0x400 ./Core/Src/main.o
                0x08010698                frontRight18
 .rodata.frontRight19
                0x08010a98      0x400 ./Core/Src/main.o
                0x08010a98                frontRight19
 .rodata.frontRight20
                0x08010e98      0x400 ./Core/Src/main.o
                0x08010e98                frontRight20
 .rodata.frontRight21
                0x08011298      0x400 ./Core/Src/main.o
                0x08011298                frontRight21
 .rodata.frontRight22
                0x08011698      0x400 ./Core/Src/main.o
                0x08011698                frontRight22
 .rodata.frontRight23
                0x08011a98      0x400 ./Core/Src/main.o
                0x08011a98                frontRight23
 .rodata.frontRight24
                0x08011e98      0x400 ./Core/Src/main.o
                0x08011e98                frontRight24
 .rodata.frontRight25
                0x08012298      0x400 ./Core/Src/main.o
                0x08012298                frontRight25
 .rodata.frontRight26
                0x08012698      0x400 ./Core/Src/main.o
                0x08012698                frontRight26
 .rodata.frontRight27
                0x08012a98      0x400 ./Core/Src/main.o
                0x08012a98                frontRight27
 .rodata.frontRight28
                0x08012e98      0x400 ./Core/Src/main.o
                0x08012e98                frontRight28
 .rodata.frontRight29
                0x08013298      0x400 ./Core/Src/main.o
                0x08013298                frontRight29
 .rodata.frontRight30
                0x08013698      0x400 ./Core/Src/main.o
                0x08013698                frontRight30
 .rodata.frontRight31
                0x08013a98      0x400 ./Core/Src/main.o
                0x08013a98                frontRight31
 .rodata.frontRight32
                0x08013e98      0x400 ./Core/Src/main.o
                0x08013e98                frontRight32
 .rodata.frontRight33
                0x08014298      0x400 ./Core/Src/main.o
                0x08014298                frontRight33
 .rodata.frontRight34
                0x08014698      0x400 ./Core/Src/main.o
                0x08014698                frontRight34
 .rodata.frontRight35
                0x08014a98      0x400 ./Core/Src/main.o
                0x08014a98                frontRight35
 .rodata.AHBPrescTable
                0x08014e98       0x40 ./Core/Src/system_stm32g0xx.o
                0x08014e98                AHBPrescTable
 .rodata.APBPrescTable
                0x08014ed8       0x20 ./Core/Src/system_stm32g0xx.o
                0x08014ed8                APBPrescTable
 .rodata.UARTPrescTable
                0x08014ef8       0x18 ./Drivers/STM32G0xx_HAL_Driver/Src/stm32g0xx_hal_uart.o
                0x08014ef8                UARTPrescTable
 .rodata.numerator.1
                0x08014f10        0x8 ./Drivers/STM32G0xx_HAL_Driver/Src/stm32g0xx_hal_uart_ex.o
 .rodata.denominator.0
                0x08014f18        0x8 ./Drivers/STM32G0xx_HAL_Driver/Src/stm32g0xx_hal_uart_ex.o
                0x08014f20                        . = ALIGN (0x4)

.ARM.extab      0x08014f20        0x0
                0x08014f20                        . = ALIGN (0x4)
 *(.ARM.extab* .gnu.linkonce.armextab.*)
                0x08014f20                        . = ALIGN (0x4)

.ARM            0x08014f20        0x8
                0x08014f20                        . = ALIGN (0x4)
                0x08014f20                        __exidx_start = .
 *(.ARM.exidx*)
 .ARM.exidx     0x08014f20        0x8 C:/ST/STM32CubeIDE_1.14.1/STM32CubeIDE/plugins/com.st.stm32cube.ide.mcu.externaltools.gnu-tools-for-stm32.12.3.rel1.win32_1.0.100.202403111256/tools/bin/../lib/gcc/arm-none-eabi/12.3.1/thumb/v6-m/nofp\libgcc.a(_udivmoddi4.o)
                0x08014f28                        __exidx_end = .
                0x08014f28                        . = ALIGN (0x4)

.preinit_array  0x08014f28        0x0
                0x08014f28                        . = ALIGN (0x4)
                0x08014f28                        PROVIDE (__preinit_array_start = .)
 *(.preinit_array*)
                0x08014f28                        PROVIDE (__preinit_array_end = .)
                0x08014f28                        . = ALIGN (0x4)

.init_array     0x08014f28        0x4
                0x08014f28                        . = ALIGN (0x4)
                0x08014f28                        PROVIDE (__init_array_start = .)
 *(SORT_BY_NAME(.init_array.*))
 *(.init_array*)
 .init_array    0x08014f28        0x4 C:/ST/STM32CubeIDE_1.14.1/STM32CubeIDE/plugins/com.st.stm32cube.ide.mcu.externaltools.gnu-tools-for-stm32.12.3.rel1.win32_1.0.100.202403111256/tools/bin/../lib/gcc/arm-none-eabi/12.3.1/thumb/v6-m/nofp/crtbegin.o
                0x08014f2c                        PROVIDE (__init_array_end = .)
                0x08014f2c                        . = ALIGN (0x4)

.fini_array     0x08014f2c        0x4
                0x08014f2c                        . = ALIGN (0x4)
                [!provide]                        PROVIDE (__fini_array_start = .)
 *(SORT_BY_NAME(.fini_array.*))
 *(.fini_array*)
 .fini_array    0x08014f2c        0x4 C:/ST/STM32CubeIDE_1.14.1/STM32CubeIDE/plugins/com.st.stm32cube.ide.mcu.externaltools.gnu-tools-for-stm32.12.3.rel1.win32_1.0.100.202403111256/tools/bin/../lib/gcc/arm-none-eabi/12.3.1/thumb/v6-m/nofp/crtbegin.o
                [!provide]                        PROVIDE (__fini_array_end = .)
                0x08014f30                        . = ALIGN (0x4)
                0x08014f30                        _sidata = LOADADDR (.data)

.rel.dyn        0x08014f30        0x0
 .rel.iplt      0x08014f30        0x0 C:/ST/STM32CubeIDE_1.14.1/STM32CubeIDE/plugins/com.st.stm32cube.ide.mcu.externaltools.gnu-tools-for-stm32.12.3.rel1.win32_1.0.100.202403111256/tools/bin/../lib/gcc/arm-none-eabi/12.3.1/thumb/v6-m/nofp/crtbegin.o

.data           0x20000000      0x124 load address 0x08014f30
                0x20000000                        . = ALIGN (0x4)
                0x20000000                        _sdata = .
 *(.data)
 *(.data*)
 .data.FrontBitmapArray
                0x20000000       0x8c ./Core/Src/main.o
                0x20000000                FrontBitmapArray
 .data.rightAnimations
                0x2000008c       0x8c ./Core/Src/main.o
                0x2000008c                rightAnimations
 .data.SystemCoreClock
                0x20000118        0x4 ./Core/Src/system_stm32g0xx.o
                0x20000118                SystemCoreClock
 .data.uwTickPrio
                0x2000011c        0x4 ./Drivers/STM32G0xx_HAL_Driver/Src/stm32g0xx_hal.o
                0x2000011c                uwTickPrio
 .data.uwTickFreq
                0x20000120        0x1 ./Drivers/STM32G0xx_HAL_Driver/Src/stm32g0xx_hal.o
                0x20000120                uwTickFreq
 *(.RamFunc)
 *(.RamFunc*)
                0x20000124                        . = ALIGN (0x4)
 *fill*         0x20000121        0x3 
                0x20000124                        _edata = .

.igot.plt       0x20000124        0x0 load address 0x08015054
 .igot.plt      0x20000124        0x0 C:/ST/STM32CubeIDE_1.14.1/STM32CubeIDE/plugins/com.st.stm32cube.ide.mcu.externaltools.gnu-tools-for-stm32.12.3.rel1.win32_1.0.100.202403111256/tools/bin/../lib/gcc/arm-none-eabi/12.3.1/thumb/v6-m/nofp/crtbegin.o
                0x20000124                        . = ALIGN (0x4)

.bss            0x20000124      0x104 load address 0x08015054
                0x20000124                        _sbss = .
                0x20000124                        __bss_start__ = _sbss
 *(.bss)
 .bss           0x20000124       0x1c C:/ST/STM32CubeIDE_1.14.1/STM32CubeIDE/plugins/com.st.stm32cube.ide.mcu.externaltools.gnu-tools-for-stm32.12.3.rel1.win32_1.0.100.202403111256/tools/bin/../lib/gcc/arm-none-eabi/12.3.1/thumb/v6-m/nofp/crtbegin.o
 *(.bss*)
 .bss.Graphic_Check
                0x20000140        0x1 ./Core/Src/ST7920LCD.o
                0x20000140                Graphic_Check
 *fill*         0x20000141        0x3 
 .bss.htim1     0x20000144       0x4c ./Core/Src/main.o
                0x20000144                htim1
 .bss.huart2    0x20000190       0x94 ./Core/Src/main.o
                0x20000190                huart2
 .bss.uwTick    0x20000224        0x4 ./Drivers/STM32G0xx_HAL_Driver/Src/stm32g0xx_hal.o
                0x20000224                uwTick
 *(COMMON)
                0x20000228                        . = ALIGN (0x4)
                0x20000228                        _ebss = .
                0x20000228                        __bss_end__ = _ebss

._user_heap_stack
                0x20000228      0x600 load address 0x08015054
                0x20000228                        . = ALIGN (0x8)
                [!provide]                        PROVIDE (end = .)
                0x20000228                        PROVIDE (_end = .)
                0x20000428                        . = (. + _Min_Heap_Size)
 *fill*         0x20000228      0x200 
                0x20000828                        . = (. + _Min_Stack_Size)
 *fill*         0x20000428      0x400 
                0x20000828                        . = ALIGN (0x8)

/DISCARD/
 libc.a(*)
 libm.a(*)
 libgcc.a(*)

.ARM.attributes
                0x00000000       0x28
 *(.ARM.attributes)
 .ARM.attributes
                0x00000000       0x1e C:/ST/STM32CubeIDE_1.14.1/STM32CubeIDE/plugins/com.st.stm32cube.ide.mcu.externaltools.gnu-tools-for-stm32.12.3.rel1.win32_1.0.100.202403111256/tools/bin/../lib/gcc/arm-none-eabi/12.3.1/thumb/v6-m/nofp/crti.o
 .ARM.attributes
                0x0000001e       0x2c C:/ST/STM32CubeIDE_1.14.1/STM32CubeIDE/plugins/com.st.stm32cube.ide.mcu.externaltools.gnu-tools-for-stm32.12.3.rel1.win32_1.0.100.202403111256/tools/bin/../lib/gcc/arm-none-eabi/12.3.1/thumb/v6-m/nofp/crtbegin.o
 .ARM.attributes
                0x0000004a       0x2c ./Core/Src/ST7920LCD.o
 .ARM.attributes
                0x00000076       0x2c ./Core/Src/delay.o
 .ARM.attributes
                0x000000a2       0x2c ./Core/Src/main.o
 .ARM.attributes
                0x000000ce       0x2c ./Core/Src/stm32g0xx_hal_msp.o
 .ARM.attributes
                0x000000fa       0x2c ./Core/Src/stm32g0xx_it.o
 .ARM.attributes
                0x00000126       0x2c ./Core/Src/system_stm32g0xx.o
 .ARM.attributes
                0x00000152       0x22 ./Core/Startup/startup_stm32g071rbtx.o
 .ARM.attributes
                0x00000174       0x2c ./Drivers/STM32G0xx_HAL_Driver/Src/stm32g0xx_hal.o
 .ARM.attributes
                0x000001a0       0x2c ./Drivers/STM32G0xx_HAL_Driver/Src/stm32g0xx_hal_cortex.o
 .ARM.attributes
                0x000001cc       0x2c ./Drivers/STM32G0xx_HAL_Driver/Src/stm32g0xx_hal_gpio.o
 .ARM.attributes
                0x000001f8       0x2c ./Drivers/STM32G0xx_HAL_Driver/Src/stm32g0xx_hal_pwr_ex.o
 .ARM.attributes
                0x00000224       0x2c ./Drivers/STM32G0xx_HAL_Driver/Src/stm32g0xx_hal_rcc.o
 .ARM.attributes
                0x00000250       0x2c ./Drivers/STM32G0xx_HAL_Driver/Src/stm32g0xx_hal_rcc_ex.o
 .ARM.attributes
                0x0000027c       0x2c ./Drivers/STM32G0xx_HAL_Driver/Src/stm32g0xx_hal_tim.o
 .ARM.attributes
                0x000002a8       0x2c ./Drivers/STM32G0xx_HAL_Driver/Src/stm32g0xx_hal_tim_ex.o
 .ARM.attributes
                0x000002d4       0x2c ./Drivers/STM32G0xx_HAL_Driver/Src/stm32g0xx_hal_uart.o
 .ARM.attributes
                0x00000300       0x2c ./Drivers/STM32G0xx_HAL_Driver/Src/stm32g0xx_hal_uart_ex.o
 .ARM.attributes
                0x0000032c       0x2c C:/ST/STM32CubeIDE_1.14.1/STM32CubeIDE/plugins/com.st.stm32cube.ide.mcu.externaltools.gnu-tools-for-stm32.12.3.rel1.win32_1.0.100.202403111256/tools/bin/../lib/gcc/arm-none-eabi/12.3.1/../../../../arm-none-eabi/lib/thumb/v6-m/nofp\libc_nano.a(libc_a-memset.o)
 .ARM.attributes
                0x00000358       0x2c C:/ST/STM32CubeIDE_1.14.1/STM32CubeIDE/plugins/com.st.stm32cube.ide.mcu.externaltools.gnu-tools-for-stm32.12.3.rel1.win32_1.0.100.202403111256/tools/bin/../lib/gcc/arm-none-eabi/12.3.1/../../../../arm-none-eabi/lib/thumb/v6-m/nofp\libc_nano.a(libc_a-init.o)
 .ARM.attributes
                0x00000384       0x1e C:/ST/STM32CubeIDE_1.14.1/STM32CubeIDE/plugins/com.st.stm32cube.ide.mcu.externaltools.gnu-tools-for-stm32.12.3.rel1.win32_1.0.100.202403111256/tools/bin/../lib/gcc/arm-none-eabi/12.3.1/thumb/v6-m/nofp\libgcc.a(_udivsi3.o)
 .ARM.attributes
                0x000003a2       0x1e C:/ST/STM32CubeIDE_1.14.1/STM32CubeIDE/plugins/com.st.stm32cube.ide.mcu.externaltools.gnu-tools-for-stm32.12.3.rel1.win32_1.0.100.202403111256/tools/bin/../lib/gcc/arm-none-eabi/12.3.1/thumb/v6-m/nofp\libgcc.a(_divsi3.o)
 .ARM.attributes
                0x000003c0       0x1e C:/ST/STM32CubeIDE_1.14.1/STM32CubeIDE/plugins/com.st.stm32cube.ide.mcu.externaltools.gnu-tools-for-stm32.12.3.rel1.win32_1.0.100.202403111256/tools/bin/../lib/gcc/arm-none-eabi/12.3.1/thumb/v6-m/nofp\libgcc.a(_dvmd_tls.o)
 .ARM.attributes
                0x000003de       0x1e C:/ST/STM32CubeIDE_1.14.1/STM32CubeIDE/plugins/com.st.stm32cube.ide.mcu.externaltools.gnu-tools-for-stm32.12.3.rel1.win32_1.0.100.202403111256/tools/bin/../lib/gcc/arm-none-eabi/12.3.1/thumb/v6-m/nofp\libgcc.a(_aeabi_uldivmod.o)
 .ARM.attributes
                0x000003fc       0x2c C:/ST/STM32CubeIDE_1.14.1/STM32CubeIDE/plugins/com.st.stm32cube.ide.mcu.externaltools.gnu-tools-for-stm32.12.3.rel1.win32_1.0.100.202403111256/tools/bin/../lib/gcc/arm-none-eabi/12.3.1/thumb/v6-m/nofp\libgcc.a(_udivmoddi4.o)
 .ARM.attributes
                0x00000428       0x1e C:/ST/STM32CubeIDE_1.14.1/STM32CubeIDE/plugins/com.st.stm32cube.ide.mcu.externaltools.gnu-tools-for-stm32.12.3.rel1.win32_1.0.100.202403111256/tools/bin/../lib/gcc/arm-none-eabi/12.3.1/thumb/v6-m/nofp\libgcc.a(_clzdi2.o)
 .ARM.attributes
                0x00000446       0x1e C:/ST/STM32CubeIDE_1.14.1/STM32CubeIDE/plugins/com.st.stm32cube.ide.mcu.externaltools.gnu-tools-for-stm32.12.3.rel1.win32_1.0.100.202403111256/tools/bin/../lib/gcc/arm-none-eabi/12.3.1/thumb/v6-m/nofp\libgcc.a(_clzsi2.o)
 .ARM.attributes
                0x00000464       0x1e C:/ST/STM32CubeIDE_1.14.1/STM32CubeIDE/plugins/com.st.stm32cube.ide.mcu.externaltools.gnu-tools-for-stm32.12.3.rel1.win32_1.0.100.202403111256/tools/bin/../lib/gcc/arm-none-eabi/12.3.1/thumb/v6-m/nofp/crtn.o
OUTPUT(12864B-LCD.elf elf32-littlearm)
LOAD linker stubs
LOAD C:/ST/STM32CubeIDE_1.14.1/STM32CubeIDE/plugins/com.st.stm32cube.ide.mcu.externaltools.gnu-tools-for-stm32.12.3.rel1.win32_1.0.100.202403111256/tools/bin/../lib/gcc/arm-none-eabi/12.3.1/../../../../arm-none-eabi/lib/thumb/v6-m/nofp\libc.a
LOAD C:/ST/STM32CubeIDE_1.14.1/STM32CubeIDE/plugins/com.st.stm32cube.ide.mcu.externaltools.gnu-tools-for-stm32.12.3.rel1.win32_1.0.100.202403111256/tools/bin/../lib/gcc/arm-none-eabi/12.3.1/../../../../arm-none-eabi/lib/thumb/v6-m/nofp\libm.a
LOAD C:/ST/STM32CubeIDE_1.14.1/STM32CubeIDE/plugins/com.st.stm32cube.ide.mcu.externaltools.gnu-tools-for-stm32.12.3.rel1.win32_1.0.100.202403111256/tools/bin/../lib/gcc/arm-none-eabi/12.3.1/thumb/v6-m/nofp\libgcc.a

.debug_info     0x00000000    0x10d87
 .debug_info    0x00000000      0x860 ./Core/Src/ST7920LCD.o
 .debug_info    0x00000860      0x84a ./Core/Src/delay.o
 .debug_info    0x000010aa     0x187e ./Core/Src/main.o
 .debug_info    0x00002928     0x103c ./Core/Src/stm32g0xx_hal_msp.o
 .debug_info    0x00003964      0x117 ./Core/Src/stm32g0xx_it.o
 .debug_info    0x00003a7b      0x316 ./Core/Src/system_stm32g0xx.o
 .debug_info    0x00003d91       0x30 ./Core/Startup/startup_stm32g071rbtx.o
 .debug_info    0x00003dc1      0xa34 ./Drivers/STM32G0xx_HAL_Driver/Src/stm32g0xx_hal.o
 .debug_info    0x000047f5      0x8d9 ./Drivers/STM32G0xx_HAL_Driver/Src/stm32g0xx_hal_cortex.o
 .debug_info    0x000050ce      0x5b9 ./Drivers/STM32G0xx_HAL_Driver/Src/stm32g0xx_hal_gpio.o
 .debug_info    0x00005687      0x7c1 ./Drivers/STM32G0xx_HAL_Driver/Src/stm32g0xx_hal_pwr_ex.o
 .debug_info    0x00005e48      0xb1b ./Drivers/STM32G0xx_HAL_Driver/Src/stm32g0xx_hal_rcc.o
 .debug_info    0x00006963      0x77f ./Drivers/STM32G0xx_HAL_Driver/Src/stm32g0xx_hal_rcc_ex.o
 .debug_info    0x000070e2     0x2bc9 ./Drivers/STM32G0xx_HAL_Driver/Src/stm32g0xx_hal_tim.o
 .debug_info    0x00009cab     0x18da ./Drivers/STM32G0xx_HAL_Driver/Src/stm32g0xx_hal_tim_ex.o
 .debug_info    0x0000b585     0x4859 ./Drivers/STM32G0xx_HAL_Driver/Src/stm32g0xx_hal_uart.o
 .debug_info    0x0000fdde      0xfa9 ./Drivers/STM32G0xx_HAL_Driver/Src/stm32g0xx_hal_uart_ex.o

.debug_abbrev   0x00000000     0x24d6
 .debug_abbrev  0x00000000      0x266 ./Core/Src/ST7920LCD.o
 .debug_abbrev  0x00000266      0x1e6 ./Core/Src/delay.o
 .debug_abbrev  0x0000044c      0x32b ./Core/Src/main.o
 .debug_abbrev  0x00000777      0x200 ./Core/Src/stm32g0xx_hal_msp.o
 .debug_abbrev  0x00000977       0xac ./Core/Src/stm32g0xx_it.o
 .debug_abbrev  0x00000a23      0x119 ./Core/Src/system_stm32g0xx.o
 .debug_abbrev  0x00000b3c       0x24 ./Core/Startup/startup_stm32g071rbtx.o
 .debug_abbrev  0x00000b60      0x2b2 ./Drivers/STM32G0xx_HAL_Driver/Src/stm32g0xx_hal.o
 .debug_abbrev  0x00000e12      0x2ab ./Drivers/STM32G0xx_HAL_Driver/Src/stm32g0xx_hal_cortex.o
 .debug_abbrev  0x000010bd      0x1c8 ./Drivers/STM32G0xx_HAL_Driver/Src/stm32g0xx_hal_gpio.o
 .debug_abbrev  0x00001285      0x238 ./Drivers/STM32G0xx_HAL_Driver/Src/stm32g0xx_hal_pwr_ex.o
 .debug_abbrev  0x000014bd      0x2aa ./Drivers/STM32G0xx_HAL_Driver/Src/stm32g0xx_hal_rcc.o
 .debug_abbrev  0x00001767      0x229 ./Drivers/STM32G0xx_HAL_Driver/Src/stm32g0xx_hal_rcc_ex.o
 .debug_abbrev  0x00001990      0x298 ./Drivers/STM32G0xx_HAL_Driver/Src/stm32g0xx_hal_tim.o
 .debug_abbrev  0x00001c28      0x2a8 ./Drivers/STM32G0xx_HAL_Driver/Src/stm32g0xx_hal_tim_ex.o
 .debug_abbrev  0x00001ed0      0x322 ./Drivers/STM32G0xx_HAL_Driver/Src/stm32g0xx_hal_uart.o
 .debug_abbrev  0x000021f2      0x2e4 ./Drivers/STM32G0xx_HAL_Driver/Src/stm32g0xx_hal_uart_ex.o

.debug_aranges  0x00000000      0xe98
 .debug_aranges
                0x00000000       0xa0 ./Core/Src/ST7920LCD.o
 .debug_aranges
                0x000000a0       0x30 ./Core/Src/delay.o
 .debug_aranges
                0x000000d0       0x58 ./Core/Src/main.o
 .debug_aranges
                0x00000128       0x40 ./Core/Src/stm32g0xx_hal_msp.o
 .debug_aranges
                0x00000168       0x40 ./Core/Src/stm32g0xx_it.o
 .debug_aranges
                0x000001a8       0x28 ./Core/Src/system_stm32g0xx.o
 .debug_aranges
                0x000001d0       0x28 ./Core/Startup/startup_stm32g071rbtx.o
 .debug_aranges
                0x000001f8      0x120 ./Drivers/STM32G0xx_HAL_Driver/Src/stm32g0xx_hal.o
 .debug_aranges
                0x00000318       0xe8 ./Drivers/STM32G0xx_HAL_Driver/Src/stm32g0xx_hal_cortex.o
 .debug_aranges
                0x00000400       0x60 ./Drivers/STM32G0xx_HAL_Driver/Src/stm32g0xx_hal_gpio.o
 .debug_aranges
                0x00000460       0xf0 ./Drivers/STM32G0xx_HAL_Driver/Src/stm32g0xx_hal_pwr_ex.o
 .debug_aranges
                0x00000550       0xa0 ./Drivers/STM32G0xx_HAL_Driver/Src/stm32g0xx_hal_rcc.o
 .debug_aranges
                0x000005f0       0x40 ./Drivers/STM32G0xx_HAL_Driver/Src/stm32g0xx_hal_rcc_ex.o
 .debug_aranges
                0x00000630      0x3e0 ./Drivers/STM32G0xx_HAL_Driver/Src/stm32g0xx_hal_tim.o
 .debug_aranges
                0x00000a10      0x198 ./Drivers/STM32G0xx_HAL_Driver/Src/stm32g0xx_hal_tim_ex.o
 .debug_aranges
                0x00000ba8      0x248 ./Drivers/STM32G0xx_HAL_Driver/Src/stm32g0xx_hal_uart.o
 .debug_aranges
                0x00000df0       0xa8 ./Drivers/STM32G0xx_HAL_Driver/Src/stm32g0xx_hal_uart_ex.o

.debug_rnglists
                0x00000000      0xb89
 .debug_rnglists
                0x00000000       0x8b ./Core/Src/ST7920LCD.o
 .debug_rnglists
                0x0000008b       0x1f ./Core/Src/delay.o
 .debug_rnglists
                0x000000aa       0x41 ./Core/Src/main.o
 .debug_rnglists
                0x000000eb       0x2c ./Core/Src/stm32g0xx_hal_msp.o
 .debug_rnglists
                0x00000117       0x2b ./Core/Src/stm32g0xx_it.o
 .debug_rnglists
                0x00000142       0x1a ./Core/Src/system_stm32g0xx.o
 .debug_rnglists
                0x0000015c       0x19 ./Core/Startup/startup_stm32g071rbtx.o
 .debug_rnglists
                0x00000175       0xd4 ./Drivers/STM32G0xx_HAL_Driver/Src/stm32g0xx_hal.o
 .debug_rnglists
                0x00000249       0xaa ./Drivers/STM32G0xx_HAL_Driver/Src/stm32g0xx_hal_cortex.o
 .debug_rnglists
                0x000002f3       0x45 ./Drivers/STM32G0xx_HAL_Driver/Src/stm32g0xx_hal_gpio.o
 .debug_rnglists
                0x00000338       0xb5 ./Drivers/STM32G0xx_HAL_Driver/Src/stm32g0xx_hal_pwr_ex.o
 .debug_rnglists
                0x000003ed       0x79 ./Drivers/STM32G0xx_HAL_Driver/Src/stm32g0xx_hal_rcc.o
 .debug_rnglists
                0x00000466       0x30 ./Drivers/STM32G0xx_HAL_Driver/Src/stm32g0xx_hal_rcc_ex.o
 .debug_rnglists
                0x00000496      0x32a ./Drivers/STM32G0xx_HAL_Driver/Src/stm32g0xx_hal_tim.o
 .debug_rnglists
                0x000007c0      0x14e ./Drivers/STM32G0xx_HAL_Driver/Src/stm32g0xx_hal_tim_ex.o
 .debug_rnglists
                0x0000090e      0x1fb ./Drivers/STM32G0xx_HAL_Driver/Src/stm32g0xx_hal_uart.o
 .debug_rnglists
                0x00000b09       0x80 ./Drivers/STM32G0xx_HAL_Driver/Src/stm32g0xx_hal_uart_ex.o

.debug_macro    0x00000000    0x18329
 .debug_macro   0x00000000      0x22a ./Core/Src/ST7920LCD.o
 .debug_macro   0x0000022a      0xa8a ./Core/Src/ST7920LCD.o
 .debug_macro   0x00000cb4       0x22 ./Core/Src/ST7920LCD.o
 .debug_macro   0x00000cd6       0x8e ./Core/Src/ST7920LCD.o
 .debug_macro   0x00000d64       0x51 ./Core/Src/ST7920LCD.o
 .debug_macro   0x00000db5      0x103 ./Core/Src/ST7920LCD.o
 .debug_macro   0x00000eb8       0x6a ./Core/Src/ST7920LCD.o
 .debug_macro   0x00000f22      0x1df ./Core/Src/ST7920LCD.o
 .debug_macro   0x00001101       0x2e ./Core/Src/ST7920LCD.o
 .debug_macro   0x0000112f       0x28 ./Core/Src/ST7920LCD.o
 .debug_macro   0x00001157       0x1c ./Core/Src/ST7920LCD.o
 .debug_macro   0x00001173       0x22 ./Core/Src/ST7920LCD.o
 .debug_macro   0x00001195       0xd1 ./Core/Src/ST7920LCD.o
 .debug_macro   0x00001266      0x4da ./Core/Src/ST7920LCD.o
 .debug_macro   0x00001740      0x11f ./Core/Src/ST7920LCD.o
 .debug_macro   0x0000185f     0xc753 ./Core/Src/ST7920LCD.o
 .debug_macro   0x0000dfb2       0x66 ./Core/Src/ST7920LCD.o
 .debug_macro   0x0000e018      0x11d ./Core/Src/ST7920LCD.o
 .debug_macro   0x0000e135     0x350e ./Core/Src/ST7920LCD.o
 .debug_macro   0x00011643      0x189 ./Core/Src/ST7920LCD.o
 .debug_macro   0x000117cc       0x5c ./Core/Src/ST7920LCD.o
 .debug_macro   0x00011828      0x56c ./Core/Src/ST7920LCD.o
 .debug_macro   0x00011d94     0x1122 ./Core/Src/ST7920LCD.o
 .debug_macro   0x00012eb6      0x264 ./Core/Src/ST7920LCD.o
 .debug_macro   0x0001311a      0x1cf ./Core/Src/ST7920LCD.o
 .debug_macro   0x000132e9      0x1d8 ./Core/Src/ST7920LCD.o
 .debug_macro   0x000134c1      0x426 ./Core/Src/ST7920LCD.o
 .debug_macro   0x000138e7      0x280 ./Core/Src/ST7920LCD.o
 .debug_macro   0x00013b67      0x3a7 ./Core/Src/ST7920LCD.o
 .debug_macro   0x00013f0e      0x1b2 ./Core/Src/ST7920LCD.o
 .debug_macro   0x000140c0       0x43 ./Core/Src/ST7920LCD.o
 .debug_macro   0x00014103      0x1f1 ./Core/Src/ST7920LCD.o
 .debug_macro   0x000142f4      0x1d6 ./Core/Src/ST7920LCD.o
 .debug_macro   0x000144ca      0x38a ./Core/Src/ST7920LCD.o
 .debug_macro   0x00014854       0x28 ./Core/Src/ST7920LCD.o
 .debug_macro   0x0001487c       0xe4 ./Core/Src/ST7920LCD.o
 .debug_macro   0x00014960      0x125 ./Core/Src/ST7920LCD.o
 .debug_macro   0x00014a85      0x240 ./Core/Src/ST7920LCD.o
 .debug_macro   0x00014cc5      0xad0 ./Core/Src/ST7920LCD.o
 .debug_macro   0x00015795      0x1a1 ./Core/Src/ST7920LCD.o
 .debug_macro   0x00015936      0x693 ./Core/Src/ST7920LCD.o
 .debug_macro   0x00015fc9       0xa6 ./Core/Src/ST7920LCD.o
 .debug_macro   0x0001606f      0x4f2 ./Core/Src/ST7920LCD.o
 .debug_macro   0x00016561      0x1e9 ./Core/Src/delay.o
 .debug_macro   0x0001674a      0x20c ./Core/Src/main.o
 .debug_macro   0x00016956       0x64 ./Core/Src/main.o
 .debug_macro   0x000169ba      0x1ee ./Core/Src/stm32g0xx_hal_msp.o
 .debug_macro   0x00016ba8      0x1f8 ./Core/Src/stm32g0xx_it.o
 .debug_macro   0x00016da0      0x1df ./Core/Src/system_stm32g0xx.o
 .debug_macro   0x00016f7f      0x203 ./Drivers/STM32G0xx_HAL_Driver/Src/stm32g0xx_hal.o
 .debug_macro   0x00017182      0x1df ./Drivers/STM32G0xx_HAL_Driver/Src/stm32g0xx_hal_cortex.o
 .debug_macro   0x00017361      0x1e6 ./Drivers/STM32G0xx_HAL_Driver/Src/stm32g0xx_hal_gpio.o
 .debug_macro   0x00017547      0x209 ./Drivers/STM32G0xx_HAL_Driver/Src/stm32g0xx_hal_pwr_ex.o
 .debug_macro   0x00017750      0x221 ./Drivers/STM32G0xx_HAL_Driver/Src/stm32g0xx_hal_rcc.o
 .debug_macro   0x00017971      0x1f7 ./Drivers/STM32G0xx_HAL_Driver/Src/stm32g0xx_hal_rcc_ex.o
 .debug_macro   0x00017b68      0x1e7 ./Drivers/STM32G0xx_HAL_Driver/Src/stm32g0xx_hal_tim.o
 .debug_macro   0x00017d4f      0x1e5 ./Drivers/STM32G0xx_HAL_Driver/Src/stm32g0xx_hal_tim_ex.o
 .debug_macro   0x00017f34      0x20a ./Drivers/STM32G0xx_HAL_Driver/Src/stm32g0xx_hal_uart.o
 .debug_macro   0x0001813e      0x1eb ./Drivers/STM32G0xx_HAL_Driver/Src/stm32g0xx_hal_uart_ex.o

.debug_line     0x00000000    0x12142
 .debug_line    0x00000000      0xdb4 ./Core/Src/ST7920LCD.o
 .debug_line    0x00000db4      0x7c4 ./Core/Src/delay.o
 .debug_line    0x00001578      0x9d4 ./Core/Src/main.o
 .debug_line    0x00001f4c      0x83d ./Core/Src/stm32g0xx_hal_msp.o
 .debug_line    0x00002789      0x7f6 ./Core/Src/stm32g0xx_it.o
 .debug_line    0x00002f7f      0x804 ./Core/Src/system_stm32g0xx.o
 .debug_line    0x00003783       0x7b ./Core/Startup/startup_stm32g071rbtx.o
 .debug_line    0x000037fe      0xb3a ./Drivers/STM32G0xx_HAL_Driver/Src/stm32g0xx_hal.o
 .debug_line    0x00004338      0xbdf ./Drivers/STM32G0xx_HAL_Driver/Src/stm32g0xx_hal_cortex.o
 .debug_line    0x00004f17      0xbc3 ./Drivers/STM32G0xx_HAL_Driver/Src/stm32g0xx_hal_gpio.o
 .debug_line    0x00005ada      0xb23 ./Drivers/STM32G0xx_HAL_Driver/Src/stm32g0xx_hal_pwr_ex.o
 .debug_line    0x000065fd      0xf63 ./Drivers/STM32G0xx_HAL_Driver/Src/stm32g0xx_hal_rcc.o
 .debug_line    0x00007560      0xd94 ./Drivers/STM32G0xx_HAL_Driver/Src/stm32g0xx_hal_rcc_ex.o
 .debug_line    0x000082f4     0x3d39 ./Drivers/STM32G0xx_HAL_Driver/Src/stm32g0xx_hal_tim.o
 .debug_line    0x0000c02d     0x1cc9 ./Drivers/STM32G0xx_HAL_Driver/Src/stm32g0xx_hal_tim_ex.o
 .debug_line    0x0000dcf6     0x3608 ./Drivers/STM32G0xx_HAL_Driver/Src/stm32g0xx_hal_uart.o
 .debug_line    0x000112fe      0xe44 ./Drivers/STM32G0xx_HAL_Driver/Src/stm32g0xx_hal_uart_ex.o

.debug_str      0x00000000    0x9de92
 .debug_str     0x00000000    0x993c3 ./Core/Src/ST7920LCD.o
                              0x998d8 (size before relaxing)
 .debug_str     0x000993c3      0x5aa ./Core/Src/delay.o
                              0x99c36 (size before relaxing)
 .debug_str     0x0009996d      0xc21 ./Core/Src/main.o
                              0x9a902 (size before relaxing)
 .debug_str     0x0009a58e      0x200 ./Core/Src/stm32g0xx_hal_msp.o
                              0x9a2e7 (size before relaxing)
 .debug_str     0x0009a78e       0x82 ./Core/Src/stm32g0xx_it.o
                              0x99777 (size before relaxing)
 .debug_str     0x0009a810       0x8e ./Core/Src/system_stm32g0xx.o
                              0x996ee (size before relaxing)
 .debug_str     0x0009a89e       0x44 ./Core/Startup/startup_stm32g071rbtx.o
                                 0x86 (size before relaxing)
 .debug_str     0x0009a8e2      0x735 ./Drivers/STM32G0xx_HAL_Driver/Src/stm32g0xx_hal.o
                              0x99eeb (size before relaxing)
 .debug_str     0x0009b017      0x2c6 ./Drivers/STM32G0xx_HAL_Driver/Src/stm32g0xx_hal_cortex.o
                              0x99bb5 (size before relaxing)
 .debug_str     0x0009b2dd      0x151 ./Drivers/STM32G0xx_HAL_Driver/Src/stm32g0xx_hal_gpio.o
                              0x99837 (size before relaxing)
 .debug_str     0x0009b42e      0x38b ./Drivers/STM32G0xx_HAL_Driver/Src/stm32g0xx_hal_pwr_ex.o
                              0x99b7b (size before relaxing)
 .debug_str     0x0009b7b9      0x4ae ./Drivers/STM32G0xx_HAL_Driver/Src/stm32g0xx_hal_rcc.o
                              0x99e44 (size before relaxing)
 .debug_str     0x0009bc67      0x185 ./Drivers/STM32G0xx_HAL_Driver/Src/stm32g0xx_hal_rcc_ex.o
                              0x99ab8 (size before relaxing)
 .debug_str     0x0009bdec      0xe66 ./Drivers/STM32G0xx_HAL_Driver/Src/stm32g0xx_hal_tim.o
                              0x9ac30 (size before relaxing)
 .debug_str     0x0009cc52      0x5f9 ./Drivers/STM32G0xx_HAL_Driver/Src/stm32g0xx_hal_tim_ex.o
                              0x9a5be (size before relaxing)
 .debug_str     0x0009d24b      0x9e3 ./Drivers/STM32G0xx_HAL_Driver/Src/stm32g0xx_hal_uart.o
                              0x9a6b9 (size before relaxing)
 .debug_str     0x0009dc2e      0x264 ./Drivers/STM32G0xx_HAL_Driver/Src/stm32g0xx_hal_uart_ex.o
                              0x99f78 (size before relaxing)

.comment        0x00000000       0x43
 .comment       0x00000000       0x43 ./Core/Src/ST7920LCD.o
                                 0x44 (size before relaxing)
 .comment       0x00000043       0x44 ./Core/Src/delay.o
 .comment       0x00000043       0x44 ./Core/Src/main.o
 .comment       0x00000043       0x44 ./Core/Src/stm32g0xx_hal_msp.o
 .comment       0x00000043       0x44 ./Core/Src/stm32g0xx_it.o
 .comment       0x00000043       0x44 ./Core/Src/system_stm32g0xx.o
 .comment       0x00000043       0x44 ./Drivers/STM32G0xx_HAL_Driver/Src/stm32g0xx_hal.o
 .comment       0x00000043       0x44 ./Drivers/STM32G0xx_HAL_Driver/Src/stm32g0xx_hal_cortex.o
 .comment       0x00000043       0x44 ./Drivers/STM32G0xx_HAL_Driver/Src/stm32g0xx_hal_gpio.o
 .comment       0x00000043       0x44 ./Drivers/STM32G0xx_HAL_Driver/Src/stm32g0xx_hal_pwr_ex.o
 .comment       0x00000043       0x44 ./Drivers/STM32G0xx_HAL_Driver/Src/stm32g0xx_hal_rcc.o
 .comment       0x00000043       0x44 ./Drivers/STM32G0xx_HAL_Driver/Src/stm32g0xx_hal_rcc_ex.o
 .comment       0x00000043       0x44 ./Drivers/STM32G0xx_HAL_Driver/Src/stm32g0xx_hal_tim.o
 .comment       0x00000043       0x44 ./Drivers/STM32G0xx_HAL_Driver/Src/stm32g0xx_hal_tim_ex.o
 .comment       0x00000043       0x44 ./Drivers/STM32G0xx_HAL_Driver/Src/stm32g0xx_hal_uart.o
 .comment       0x00000043       0x44 ./Drivers/STM32G0xx_HAL_Driver/Src/stm32g0xx_hal_uart_ex.o

.debug_frame    0x00000000     0x34dc
 .debug_frame   0x00000000      0x244 ./Core/Src/ST7920LCD.o
 .debug_frame   0x00000244       0x6c ./Core/Src/delay.o
 .debug_frame   0x000002b0      0x104 ./Core/Src/main.o
 .debug_frame   0x000003b4       0xb0 ./Core/Src/stm32g0xx_hal_msp.o
 .debug_frame   0x00000464       0x9c ./Core/Src/stm32g0xx_it.o
 .debug_frame   0x00000500       0x4c ./Core/Src/system_stm32g0xx.o
 .debug_frame   0x0000054c      0x3dc ./Drivers/STM32G0xx_HAL_Driver/Src/stm32g0xx_hal.o
 .debug_frame   0x00000928      0x33c ./Drivers/STM32G0xx_HAL_Driver/Src/stm32g0xx_hal_cortex.o
 .debug_frame   0x00000c64      0x130 ./Drivers/STM32G0xx_HAL_Driver/Src/stm32g0xx_hal_gpio.o
 .debug_frame   0x00000d94      0x32c ./Drivers/STM32G0xx_HAL_Driver/Src/stm32g0xx_hal_pwr_ex.o
 .debug_frame   0x000010c0      0x214 ./Drivers/STM32G0xx_HAL_Driver/Src/stm32g0xx_hal_rcc.o
 .debug_frame   0x000012d4       0xb0 ./Drivers/STM32G0xx_HAL_Driver/Src/stm32g0xx_hal_rcc_ex.o
 .debug_frame   0x00001384      0xf40 ./Drivers/STM32G0xx_HAL_Driver/Src/stm32g0xx_hal_tim.o
 .debug_frame   0x000022c4      0x620 ./Drivers/STM32G0xx_HAL_Driver/Src/stm32g0xx_hal_tim_ex.o
 .debug_frame   0x000028e4      0x8d8 ./Drivers/STM32G0xx_HAL_Driver/Src/stm32g0xx_hal_uart.o
 .debug_frame   0x000031bc      0x258 ./Drivers/STM32G0xx_HAL_Driver/Src/stm32g0xx_hal_uart_ex.o
 .debug_frame   0x00003414       0x20 C:/ST/STM32CubeIDE_1.14.1/STM32CubeIDE/plugins/com.st.stm32cube.ide.mcu.externaltools.gnu-tools-for-stm32.12.3.rel1.win32_1.0.100.202403111256/tools/bin/../lib/gcc/arm-none-eabi/12.3.1/../../../../arm-none-eabi/lib/thumb/v6-m/nofp\libc_nano.a(libc_a-memset.o)
 .debug_frame   0x00003434       0x2c C:/ST/STM32CubeIDE_1.14.1/STM32CubeIDE/plugins/com.st.stm32cube.ide.mcu.externaltools.gnu-tools-for-stm32.12.3.rel1.win32_1.0.100.202403111256/tools/bin/../lib/gcc/arm-none-eabi/12.3.1/../../../../arm-none-eabi/lib/thumb/v6-m/nofp\libc_nano.a(libc_a-init.o)
 .debug_frame   0x00003460       0x20 C:/ST/STM32CubeIDE_1.14.1/STM32CubeIDE/plugins/com.st.stm32cube.ide.mcu.externaltools.gnu-tools-for-stm32.12.3.rel1.win32_1.0.100.202403111256/tools/bin/../lib/gcc/arm-none-eabi/12.3.1/thumb/v6-m/nofp\libgcc.a(_udivsi3.o)
 .debug_frame   0x00003480       0x20 C:/ST/STM32CubeIDE_1.14.1/STM32CubeIDE/plugins/com.st.stm32cube.ide.mcu.externaltools.gnu-tools-for-stm32.12.3.rel1.win32_1.0.100.202403111256/tools/bin/../lib/gcc/arm-none-eabi/12.3.1/thumb/v6-m/nofp\libgcc.a(_divsi3.o)
 .debug_frame   0x000034a0       0x3c C:/ST/STM32CubeIDE_1.14.1/STM32CubeIDE/plugins/com.st.stm32cube.ide.mcu.externaltools.gnu-tools-for-stm32.12.3.rel1.win32_1.0.100.202403111256/tools/bin/../lib/gcc/arm-none-eabi/12.3.1/thumb/v6-m/nofp\libgcc.a(_udivmoddi4.o)

.debug_line_str
                0x00000000       0x6a
 .debug_line_str
                0x00000000       0x6a ./Core/Startup/startup_stm32g071rbtx.o
