../Core/Src/LCD12864B.c:18:9:GDreadDataPort	16	static
../Core/Src/LCD12864B.c:44:6:GDwriteDataPort	16	static
../Core/Src/LCD12864B.c:65:6:GDwaitWhileBusy	8	static
../Core/Src/LCD12864B.c:73:6:GDramWrite	16	static
../Core/Src/LCD12864B.c:81:6:GDinsWrite	16	static
../Core/Src/LCD12864B.c:88:6:GDgClear	16	static
../Core/Src/LCD12864B.c:106:6:GDinit	8	static
../Core/Src/LCD12864B.c:129:6:GDflushGraphicsPixelBuffer	8	static
../Core/Src/LCD12864B.c:138:6:GDsetDDaddress	16	static
../Core/Src/LCD12864B.c:147:9:GDreadRam	8	static
../Core/Src/LCD12864B.c:153:6:GDread16bits	8	static
../Core/Src/LCD12864B.c:158:6:GDtWrite	32	static
../Core/Src/LCD12864B.c:194:6:GDtCopyBank	16	static
../Core/Src/LCD12864B.c:208:6:GDtClear	16	static
../Core/Src/LCD12864B.c:215:6:GDflipBanks	8	static
../Core/Src/LCD12864B.c:225:6:GDdoubleBuffering	16	static
../Core/Src/LCD12864B.c:233:6:GDgDisplay	16	static
../Core/Src/LCD12864B.c:240:6:GDaddressPixel	16	static
../Core/Src/LCD12864B.c:264:6:GDgWritePixel	32	static
../Core/Src/LCD12864B.c:287:9:GDgReadPixel	24	static
