../Core/Src/LCD12864B.c:28:6:SendByteSPI	24	static
../Core/Src/LCD12864B.c:49:6:ST7920_SendCmd	16	static
../Core/Src/LCD12864B.c:63:6:ST7920_SendData	16	static
../Core/Src/LCD12864B.c:75:6:ST7920_SendString	24	static
../Core/Src/LCD12864B.c:108:6:ST7920_GraphicMode	16	static
../Core/Src/LCD12864B.c:129:6:ST7920_DrawBitmap	32	static
../Core/Src/LCD12864B.c:160:6:ST7920_Update	8	static
../Core/Src/LCD12864B.c:167:6:ST7920_Clear	16	static
../Core/Src/LCD12864B.c:200:6:ST7920_Init	8	static
../Core/Src/LCD12864B.c:237:6:SetPixel	24	static
../Core/Src/LCD12864B.c:261:6:DrawLine	48	static
../Core/Src/LCD12864B.c:295:6:DrawRectangle	24	static
../Core/Src/LCD12864B.c:329:6:DrawFilledRectangle	32	static
../Core/Src/LCD12864B.c:364:6:DrawCircle	48	static
../Core/Src/LCD12864B.c:403:6:DrawFilledCircle	48	static
../Core/Src/LCD12864B.c:438:6:DrawTriangle	24	static
../Core/Src/LCD12864B.c:449:6:DrawFilledTriangle	64	static
